Archive member included to satisfy reference by file (symbol)

C:\Program Files (x86)\ON Semiconductor\RSL10 SDK\eclipse\..\lib\release\libcmsis.a(startup_rsl10.o)
                              (Reset_Handler)
C:\Program Files (x86)\ON Semiconductor\RSL10 SDK\eclipse\..\lib\release\libcmsis.a(start.o)
                              C:\Program Files (x86)\ON Semiconductor\RSL10 SDK\eclipse\..\lib\release\libcmsis.a(startup_rsl10.o) (_start)
C:\Program Files (x86)\ON Semiconductor\RSL10 SDK\eclipse\..\lib\release\libcmsis.a(system_rsl10.o)
                              C:\Program Files (x86)\ON Semiconductor\RSL10 SDK\eclipse\..\lib\release\libcmsis.a(startup_rsl10.o) (SystemInit)
C:\Program Files (x86)\ON Semiconductor\RSL10 SDK\eclipse\..\lib\release\libcmsis.a(sbrk.o)
                              C:\Program Files (x86)\ON Semiconductor\RSL10 SDK\eclipse\..\lib\release\libcmsis.a(start.o) (_sbrk)
C:\Program Files (x86)\ON Semiconductor\RSL10 SDK\eclipse\..\lib\release\libsyslib.a(rsl10_sys_dma.o)
                              C:\Program Files (x86)\ON Semiconductor\RSL10 SDK\eclipse\..\lib\release\libcmsis.a(start.o) (Sys_DMA_ChannelConfig)
C:\Program Files (x86)\ON Semiconductor\RSL10 SDK\eclipse\..\lib\release\libsyslib.a(rsl10_sys_timers.o)
                              ./code/Timer.o (Sys_Timers_Start)
C:\Program Files (x86)\ON Semiconductor\RSL10 SDK\eclipse\..\lib\release\libsyslib.a(rsl10_sys_uart.o)
                              ./code/app_init.o (Sys_UART_Enable)
c:/program files (x86)/on semiconductor/rsl10 sdk/arm_tools/bin/../lib/gcc/arm-none-eabi/6.3.1/thumb/v7-m\libgcc.a(_arm_addsubdf3.o)
                              ./app.o (__aeabi_ui2d)
c:/program files (x86)/on semiconductor/rsl10 sdk/arm_tools/bin/../lib/gcc/arm-none-eabi/6.3.1/thumb/v7-m\libgcc.a(_arm_muldivdf3.o)
                              ./app.o (__aeabi_dmul)
c:/program files (x86)/on semiconductor/rsl10 sdk/arm_tools/bin/../lib/gcc/arm-none-eabi/6.3.1/thumb/v7-m\libgcc.a(_arm_fixunsdfsi.o)
                              ./app.o (__aeabi_d2uiz)
c:/program files (x86)/on semiconductor/rsl10 sdk/arm_tools/bin/../lib/gcc/arm-none-eabi/6.3.1/../../../../arm-none-eabi/lib/thumb/v7-m\libg_nano.a(lib_a-errno.o)
                              C:\Program Files (x86)\ON Semiconductor\RSL10 SDK\eclipse\..\lib\release\libcmsis.a(sbrk.o) (__errno)
c:/program files (x86)/on semiconductor/rsl10 sdk/arm_tools/bin/../lib/gcc/arm-none-eabi/6.3.1/../../../../arm-none-eabi/lib/thumb/v7-m\libg_nano.a(lib_a-impure.o)
                              c:/program files (x86)/on semiconductor/rsl10 sdk/arm_tools/bin/../lib/gcc/arm-none-eabi/6.3.1/../../../../arm-none-eabi/lib/thumb/v7-m\libg_nano.a(lib_a-errno.o) (_impure_ptr)
c:/program files (x86)/on semiconductor/rsl10 sdk/arm_tools/bin/../lib/gcc/arm-none-eabi/6.3.1/../../../../arm-none-eabi/lib/thumb/v7-m\libg_nano.a(lib_a-malloc.o)
                              ./code/CSL.o (malloc)
c:/program files (x86)/on semiconductor/rsl10 sdk/arm_tools/bin/../lib/gcc/arm-none-eabi/6.3.1/../../../../arm-none-eabi/lib/thumb/v7-m\libg_nano.a(lib_a-memcpy-stub.o)
                              ./code/CSL.o (memcpy)
c:/program files (x86)/on semiconductor/rsl10 sdk/arm_tools/bin/../lib/gcc/arm-none-eabi/6.3.1/../../../../arm-none-eabi/lib/thumb/v7-m\libg_nano.a(lib_a-nano-freer.o)
                              c:/program files (x86)/on semiconductor/rsl10 sdk/arm_tools/bin/../lib/gcc/arm-none-eabi/6.3.1/../../../../arm-none-eabi/lib/thumb/v7-m\libg_nano.a(lib_a-malloc.o) (_free_r)
c:/program files (x86)/on semiconductor/rsl10 sdk/arm_tools/bin/../lib/gcc/arm-none-eabi/6.3.1/../../../../arm-none-eabi/lib/thumb/v7-m\libg_nano.a(lib_a-nano-mallocr.o)
                              c:/program files (x86)/on semiconductor/rsl10 sdk/arm_tools/bin/../lib/gcc/arm-none-eabi/6.3.1/../../../../arm-none-eabi/lib/thumb/v7-m\libg_nano.a(lib_a-malloc.o) (_malloc_r)
c:/program files (x86)/on semiconductor/rsl10 sdk/arm_tools/bin/../lib/gcc/arm-none-eabi/6.3.1/../../../../arm-none-eabi/lib/thumb/v7-m\libg_nano.a(lib_a-sbrkr.o)
                              c:/program files (x86)/on semiconductor/rsl10 sdk/arm_tools/bin/../lib/gcc/arm-none-eabi/6.3.1/../../../../arm-none-eabi/lib/thumb/v7-m\libg_nano.a(lib_a-nano-mallocr.o) (_sbrk_r)
c:/program files (x86)/on semiconductor/rsl10 sdk/arm_tools/bin/../lib/gcc/arm-none-eabi/6.3.1/../../../../arm-none-eabi/lib/thumb/v7-m\libg_nano.a(lib_a-mlock.o)
                              c:/program files (x86)/on semiconductor/rsl10 sdk/arm_tools/bin/../lib/gcc/arm-none-eabi/6.3.1/../../../../arm-none-eabi/lib/thumb/v7-m\libg_nano.a(lib_a-nano-freer.o) (__malloc_lock)
c:/program files (x86)/on semiconductor/rsl10 sdk/arm_tools/bin/../lib/gcc/arm-none-eabi/6.3.1/../../../../arm-none-eabi/lib/thumb/v7-m\libg_nano.a(lib_a-reent.o)
                              c:/program files (x86)/on semiconductor/rsl10 sdk/arm_tools/bin/../lib/gcc/arm-none-eabi/6.3.1/../../../../arm-none-eabi/lib/thumb/v7-m\libg_nano.a(lib_a-sbrkr.o) (errno)

Allocating common symbols
Common symbol       size              file

rx_end              0x1               ./code/Timer.o
errno               0x4               c:/program files (x86)/on semiconductor/rsl10 sdk/arm_tools/bin/../lib/gcc/arm-none-eabi/6.3.1/../../../../arm-none-eabi/lib/thumb/v7-m\libg_nano.a(lib_a-reent.o)
Msg_Out             0x15              ./code/Timer.o
tx_buffer_index     0x1               ./code/Timer.o
Msg_Tmp             0x15              ./code/Timer.o
rx_buffer           0x15              ./code/Timer.o
tx_buffer           0x15              ./code/Timer.o
Ts_FIFO_OP          0x1               ./code/Timer.o
uint32Max           0x4               ./code/Timer.o
rx_buffer_index     0x1               ./code/Timer.o
nbr_rx_receive      0x1               ./code/Timer.o
Ts_FIFO_ST          0x1               ./code/Timer.o
tx_end              0x1               ./code/Timer.o

Discarded input sections

 .group         0x00000000        0x8 ./code/CSL.o
 .group         0x00000000        0x8 ./code/CSL.o
 .group         0x00000000        0x8 ./code/CSL.o
 .group         0x00000000        0x8 ./code/CSL.o
 .group         0x00000000        0x8 ./code/CSL.o
 .group         0x00000000        0x8 ./code/CSL.o
 .group         0x00000000        0x8 ./code/CSL.o
 .group         0x00000000        0x8 ./code/CSL.o
 .group         0x00000000        0x8 ./code/CSL.o
 .group         0x00000000        0x8 ./code/CSL.o
 .group         0x00000000        0x8 ./code/CSL.o
 .group         0x00000000        0x8 ./code/CSL.o
 .group         0x00000000        0x8 ./code/CSL.o
 .group         0x00000000        0x8 ./code/CSL.o
 .group         0x00000000        0x8 ./code/CSL.o
 .group         0x00000000        0x8 ./code/CSL.o
 .group         0x00000000        0x8 ./code/CSL.o
 .group         0x00000000        0x8 ./code/CSL.o
 .group         0x00000000        0x8 ./code/CSL.o
 .group         0x00000000        0x8 ./code/CSL.o
 .group         0x00000000        0x8 ./code/CSL.o
 .group         0x00000000        0x8 ./code/CSL.o
 .group         0x00000000        0x8 ./code/CSL.o
 .group         0x00000000        0x8 ./code/CSL.o
 .group         0x00000000        0x8 ./code/CSL.o
 .group         0x00000000        0x8 ./code/CSL.o
 .group         0x00000000        0x8 ./code/CSL.o
 .group         0x00000000        0x8 ./code/CSL.o
 .group         0x00000000        0x8 ./code/CSL.o
 .group         0x00000000        0x8 ./code/CSL.o
 .group         0x00000000        0x8 ./code/CSL.o
 .group         0x00000000        0x8 ./code/CSL.o
 .group         0x00000000        0x8 ./code/CSL.o
 .group         0x00000000        0x8 ./code/CSL.o
 .group         0x00000000        0x8 ./code/CSL.o
 .group         0x00000000        0x8 ./code/CSL.o
 .group         0x00000000        0x8 ./code/CSL.o
 .group         0x00000000        0x8 ./code/CSL.o
 .group         0x00000000        0x8 ./code/CSL.o
 .group         0x00000000        0x8 ./code/CSL.o
 .group         0x00000000        0x8 ./code/CSL.o
 .group         0x00000000        0x8 ./code/CSL.o
 .group         0x00000000        0x8 ./code/CSL.o
 .group         0x00000000        0x8 ./code/CSL.o
 .group         0x00000000        0x8 ./code/CSL.o
 .group         0x00000000        0x8 ./code/CSL.o
 .group         0x00000000        0x8 ./code/CSL.o
 .group         0x00000000        0x8 ./code/CSL.o
 .group         0x00000000        0x8 ./code/CSL.o
 .group         0x00000000        0x8 ./code/CSL.o
 .text          0x00000000        0x0 ./code/CSL.o
 .data          0x00000000        0x0 ./code/CSL.o
 .bss           0x00000000        0x0 ./code/CSL.o
 .bss.CSL_ATRx_p
                0x00000000        0x4 ./code/CSL.o
 .bss.CSL_ATTx_p
                0x00000000        0x4 ./code/CSL.o
 .text.CSL_FIFOFree
                0x00000000       0x58 ./code/CSL.o
 .text.CSL_FIFOReadable
                0x00000000       0x3a ./code/CSL.o
 .text.CSL_FIFOCellGet
                0x00000000       0x46 ./code/CSL.o
 .text.CSL_FIFOPacketGet
                0x00000000      0x132 ./code/CSL.o
 .text.CSL_FIFOPacketPutRx
                0x00000000       0x28 ./code/CSL.o
 .text.CSL_FIFOPacketGetRx
                0x00000000       0x28 ./code/CSL.o
 .text.CSL_FIFOPacketPutTx
                0x00000000       0x28 ./code/CSL.o
 .text.CSL_FIFOPacketGetTx
                0x00000000       0x28 ./code/CSL.o
 .group         0x00000000        0x8 ./code/Timer.o
 .group         0x00000000        0x8 ./code/Timer.o
 .group         0x00000000        0x8 ./code/Timer.o
 .group         0x00000000        0x8 ./code/Timer.o
 .group         0x00000000        0x8 ./code/Timer.o
 .group         0x00000000        0x8 ./code/Timer.o
 .group         0x00000000        0x8 ./code/Timer.o
 .group         0x00000000        0x8 ./code/Timer.o
 .group         0x00000000        0x8 ./code/Timer.o
 .group         0x00000000        0x8 ./code/Timer.o
 .group         0x00000000        0x8 ./code/Timer.o
 .group         0x00000000        0x8 ./code/Timer.o
 .group         0x00000000        0x8 ./code/Timer.o
 .group         0x00000000        0x8 ./code/Timer.o
 .group         0x00000000        0x8 ./code/Timer.o
 .group         0x00000000        0x8 ./code/Timer.o
 .group         0x00000000        0x8 ./code/Timer.o
 .group         0x00000000        0x8 ./code/Timer.o
 .group         0x00000000        0x8 ./code/Timer.o
 .group         0x00000000        0x8 ./code/Timer.o
 .group         0x00000000        0x8 ./code/Timer.o
 .group         0x00000000        0x8 ./code/Timer.o
 .group         0x00000000        0x8 ./code/Timer.o
 .group         0x00000000        0x8 ./code/Timer.o
 .group         0x00000000        0x8 ./code/Timer.o
 .group         0x00000000        0x8 ./code/Timer.o
 .group         0x00000000        0x8 ./code/Timer.o
 .group         0x00000000        0x8 ./code/Timer.o
 .group         0x00000000        0x8 ./code/Timer.o
 .group         0x00000000        0x8 ./code/Timer.o
 .group         0x00000000        0x8 ./code/Timer.o
 .group         0x00000000        0x8 ./code/Timer.o
 .group         0x00000000        0x8 ./code/Timer.o
 .group         0x00000000        0x8 ./code/Timer.o
 .group         0x00000000        0x8 ./code/Timer.o
 .group         0x00000000        0x8 ./code/Timer.o
 .group         0x00000000        0x8 ./code/Timer.o
 .group         0x00000000        0x8 ./code/Timer.o
 .group         0x00000000        0x8 ./code/Timer.o
 .group         0x00000000        0x8 ./code/Timer.o
 .group         0x00000000        0x8 ./code/Timer.o
 .group         0x00000000        0x8 ./code/Timer.o
 .group         0x00000000        0x8 ./code/Timer.o
 .group         0x00000000        0x8 ./code/Timer.o
 .group         0x00000000        0x8 ./code/Timer.o
 .group         0x00000000        0x8 ./code/Timer.o
 .group         0x00000000        0x8 ./code/Timer.o
 .group         0x00000000        0x8 ./code/Timer.o
 .group         0x00000000        0x8 ./code/Timer.o
 .group         0x00000000        0x8 ./code/Timer.o
 .group         0x00000000        0x8 ./code/Timer.o
 .group         0x00000000        0x8 ./code/Timer.o
 .text          0x00000000        0x0 ./code/Timer.o
 .data          0x00000000        0x0 ./code/Timer.o
 .bss           0x00000000        0x0 ./code/Timer.o
 .bss.nbr_tx_send
                0x00000000        0x1 ./code/Timer.o
 .bss.start_tx  0x00000000        0x1 ./code/Timer.o
 .bss.CSL_ATRx_p
                0x00000000        0x4 ./code/Timer.o
 .text.Ts_MsgFIFOGet
                0x00000000       0xa8 ./code/Timer.o
 .text.Ts_MsgEmptyCellCount
                0x00000000       0x6c ./code/Timer.o
 .debug_macro   0x00000000      0x8a4 ./code/Timer.o
 .debug_macro   0x00000000       0x22 ./code/Timer.o
 .debug_macro   0x00000000       0x22 ./code/Timer.o
 .debug_macro   0x00000000       0x3a ./code/Timer.o
 .debug_macro   0x00000000       0x22 ./code/Timer.o
 .debug_macro   0x00000000       0x87 ./code/Timer.o
 .debug_macro   0x00000000       0x51 ./code/Timer.o
 .debug_macro   0x00000000       0xef ./code/Timer.o
 .debug_macro   0x00000000       0x6a ./code/Timer.o
 .debug_macro   0x00000000      0x1df ./code/Timer.o
 .debug_macro   0x00000000       0x18 ./code/Timer.o
 .debug_macro   0x00000000      0xa7d ./code/Timer.o
 .debug_macro   0x00000000       0x2e ./code/Timer.o
 .debug_macro   0x00000000       0x10 ./code/Timer.o
 .debug_macro   0x00000000       0x58 ./code/Timer.o
 .debug_macro   0x00000000       0x35 ./code/Timer.o
 .debug_macro   0x00000000       0x9c ./code/Timer.o
 .debug_macro   0x00000000      0x174 ./code/Timer.o
 .debug_macro   0x00000000       0x58 ./code/Timer.o
 .debug_macro   0x00000000       0x1f ./code/Timer.o
 .debug_macro   0x00000000       0x43 ./code/Timer.o
 .debug_macro   0x00000000       0x20 ./code/Timer.o
 .debug_macro   0x00000000      0x187 ./code/Timer.o
 .debug_macro   0x00000000      0x23b ./code/Timer.o
 .debug_macro   0x00000000       0x64 ./code/Timer.o
 .debug_macro   0x00000000    0x11d19 ./code/Timer.o
 .debug_macro   0x00000000      0x411 ./code/Timer.o
 .debug_macro   0x00000000      0x184 ./code/Timer.o
 .debug_macro   0x00000000       0x8e ./code/Timer.o
 .debug_macro   0x00000000       0x16 ./code/Timer.o
 .debug_macro   0x00000000       0x1c ./code/Timer.o
 .debug_macro   0x00000000       0x1c ./code/Timer.o
 .debug_macro   0x00000000       0x1c ./code/Timer.o
 .debug_macro   0x00000000       0x10 ./code/Timer.o
 .debug_macro   0x00000000       0x10 ./code/Timer.o
 .debug_macro   0x00000000      0x330 ./code/Timer.o
 .debug_macro   0x00000000       0x10 ./code/Timer.o
 .debug_macro   0x00000000       0x35 ./code/Timer.o
 .debug_macro   0x00000000       0x7c ./code/Timer.o
 .debug_macro   0x00000000       0x40 ./code/Timer.o
 .debug_macro   0x00000000       0x22 ./code/Timer.o
 .debug_macro   0x00000000       0x16 ./code/Timer.o
 .debug_macro   0x00000000       0x7c ./code/Timer.o
 .debug_macro   0x00000000       0x10 ./code/Timer.o
 .debug_macro   0x00000000       0x2e ./code/Timer.o
 .debug_macro   0x00000000       0x10 ./code/Timer.o
 .debug_macro   0x00000000       0x16 ./code/Timer.o
 .debug_macro   0x00000000       0x16 ./code/Timer.o
 .debug_macro   0x00000000       0x29 ./code/Timer.o
 .debug_macro   0x00000000       0x10 ./code/Timer.o
 .group         0x00000000        0x8 ./code/Uart.o
 .group         0x00000000        0x8 ./code/Uart.o
 .group         0x00000000        0x8 ./code/Uart.o
 .group         0x00000000        0x8 ./code/Uart.o
 .group         0x00000000        0x8 ./code/Uart.o
 .group         0x00000000        0x8 ./code/Uart.o
 .group         0x00000000        0x8 ./code/Uart.o
 .group         0x00000000        0x8 ./code/Uart.o
 .group         0x00000000        0x8 ./code/Uart.o
 .group         0x00000000        0x8 ./code/Uart.o
 .group         0x00000000        0x8 ./code/Uart.o
 .group         0x00000000        0x8 ./code/Uart.o
 .group         0x00000000        0x8 ./code/Uart.o
 .group         0x00000000        0x8 ./code/Uart.o
 .group         0x00000000        0x8 ./code/Uart.o
 .group         0x00000000        0x8 ./code/Uart.o
 .group         0x00000000        0x8 ./code/Uart.o
 .group         0x00000000        0x8 ./code/Uart.o
 .group         0x00000000        0x8 ./code/Uart.o
 .group         0x00000000        0x8 ./code/Uart.o
 .group         0x00000000        0x8 ./code/Uart.o
 .group         0x00000000        0x8 ./code/Uart.o
 .group         0x00000000        0x8 ./code/Uart.o
 .group         0x00000000        0x8 ./code/Uart.o
 .group         0x00000000        0x8 ./code/Uart.o
 .group         0x00000000        0x8 ./code/Uart.o
 .group         0x00000000        0x8 ./code/Uart.o
 .group         0x00000000        0x8 ./code/Uart.o
 .group         0x00000000        0x8 ./code/Uart.o
 .group         0x00000000        0x8 ./code/Uart.o
 .group         0x00000000        0x8 ./code/Uart.o
 .group         0x00000000        0x8 ./code/Uart.o
 .group         0x00000000        0x8 ./code/Uart.o
 .group         0x00000000        0x8 ./code/Uart.o
 .group         0x00000000        0x8 ./code/Uart.o
 .group         0x00000000        0x8 ./code/Uart.o
 .group         0x00000000        0x8 ./code/Uart.o
 .group         0x00000000        0x8 ./code/Uart.o
 .group         0x00000000        0x8 ./code/Uart.o
 .group         0x00000000        0x8 ./code/Uart.o
 .group         0x00000000        0x8 ./code/Uart.o
 .group         0x00000000        0x8 ./code/Uart.o
 .group         0x00000000        0x8 ./code/Uart.o
 .group         0x00000000        0x8 ./code/Uart.o
 .group         0x00000000        0x8 ./code/Uart.o
 .group         0x00000000        0x8 ./code/Uart.o
 .group         0x00000000        0x8 ./code/Uart.o
 .text          0x00000000        0x0 ./code/Uart.o
 .data          0x00000000        0x0 ./code/Uart.o
 .bss           0x00000000        0x0 ./code/Uart.o
 .bss.nbr_tx_send
                0x00000000        0x1 ./code/Uart.o
 .bss.start_tx  0x00000000        0x1 ./code/Uart.o
 .debug_info    0x00000000      0xa88 ./code/Uart.o
 .debug_abbrev  0x00000000      0x1ba ./code/Uart.o
 .debug_aranges
                0x00000000       0x18 ./code/Uart.o
 .debug_macro   0x00000000      0x2db ./code/Uart.o
 .debug_macro   0x00000000      0x8a4 ./code/Uart.o
 .debug_macro   0x00000000       0x22 ./code/Uart.o
 .debug_macro   0x00000000       0x22 ./code/Uart.o
 .debug_macro   0x00000000       0x3a ./code/Uart.o
 .debug_macro   0x00000000       0x22 ./code/Uart.o
 .debug_macro   0x00000000       0x87 ./code/Uart.o
 .debug_macro   0x00000000       0x51 ./code/Uart.o
 .debug_macro   0x00000000       0xef ./code/Uart.o
 .debug_macro   0x00000000       0x6a ./code/Uart.o
 .debug_macro   0x00000000      0x1df ./code/Uart.o
 .debug_macro   0x00000000       0x18 ./code/Uart.o
 .debug_macro   0x00000000      0xa7d ./code/Uart.o
 .debug_macro   0x00000000       0x2e ./code/Uart.o
 .debug_macro   0x00000000       0x10 ./code/Uart.o
 .debug_macro   0x00000000       0x58 ./code/Uart.o
 .debug_macro   0x00000000       0x35 ./code/Uart.o
 .debug_macro   0x00000000       0x9c ./code/Uart.o
 .debug_macro   0x00000000      0x174 ./code/Uart.o
 .debug_macro   0x00000000       0x58 ./code/Uart.o
 .debug_macro   0x00000000       0x1f ./code/Uart.o
 .debug_macro   0x00000000       0x43 ./code/Uart.o
 .debug_macro   0x00000000       0x20 ./code/Uart.o
 .debug_macro   0x00000000      0x187 ./code/Uart.o
 .debug_macro   0x00000000      0x23b ./code/Uart.o
 .debug_macro   0x00000000       0x64 ./code/Uart.o
 .debug_macro   0x00000000    0x11d19 ./code/Uart.o
 .debug_macro   0x00000000      0x411 ./code/Uart.o
 .debug_macro   0x00000000      0x184 ./code/Uart.o
 .debug_macro   0x00000000       0x8e ./code/Uart.o
 .debug_macro   0x00000000       0x16 ./code/Uart.o
 .debug_macro   0x00000000       0x1c ./code/Uart.o
 .debug_macro   0x00000000       0x1c ./code/Uart.o
 .debug_macro   0x00000000       0x1c ./code/Uart.o
 .debug_macro   0x00000000       0x10 ./code/Uart.o
 .debug_macro   0x00000000       0x10 ./code/Uart.o
 .debug_macro   0x00000000      0x330 ./code/Uart.o
 .debug_macro   0x00000000       0x10 ./code/Uart.o
 .debug_macro   0x00000000       0x35 ./code/Uart.o
 .debug_macro   0x00000000       0x7c ./code/Uart.o
 .debug_macro   0x00000000       0x40 ./code/Uart.o
 .debug_macro   0x00000000       0x22 ./code/Uart.o
 .debug_macro   0x00000000       0x16 ./code/Uart.o
 .debug_macro   0x00000000       0x7c ./code/Uart.o
 .debug_macro   0x00000000       0x10 ./code/Uart.o
 .debug_macro   0x00000000       0x2e ./code/Uart.o
 .debug_macro   0x00000000       0x10 ./code/Uart.o
 .debug_macro   0x00000000       0x40 ./code/Uart.o
 .debug_line    0x00000000      0x5f9 ./code/Uart.o
 .debug_str     0x00000000    0xae082 ./code/Uart.o
 .comment       0x00000000       0x80 ./code/Uart.o
 .ARM.attributes
                0x00000000       0x33 ./code/Uart.o
 .group         0x00000000        0x8 ./code/app_init.o
 .group         0x00000000        0x8 ./code/app_init.o
 .group         0x00000000        0x8 ./code/app_init.o
 .group         0x00000000        0x8 ./code/app_init.o
 .group         0x00000000        0x8 ./code/app_init.o
 .group         0x00000000        0x8 ./code/app_init.o
 .group         0x00000000        0x8 ./code/app_init.o
 .group         0x00000000        0x8 ./code/app_init.o
 .group         0x00000000        0x8 ./code/app_init.o
 .group         0x00000000        0x8 ./code/app_init.o
 .group         0x00000000        0x8 ./code/app_init.o
 .group         0x00000000        0x8 ./code/app_init.o
 .group         0x00000000        0x8 ./code/app_init.o
 .group         0x00000000        0x8 ./code/app_init.o
 .group         0x00000000        0x8 ./code/app_init.o
 .group         0x00000000        0x8 ./code/app_init.o
 .group         0x00000000        0x8 ./code/app_init.o
 .group         0x00000000        0x8 ./code/app_init.o
 .group         0x00000000        0x8 ./code/app_init.o
 .group         0x00000000        0x8 ./code/app_init.o
 .group         0x00000000        0x8 ./code/app_init.o
 .group         0x00000000        0x8 ./code/app_init.o
 .group         0x00000000        0x8 ./code/app_init.o
 .group         0x00000000        0x8 ./code/app_init.o
 .group         0x00000000        0x8 ./code/app_init.o
 .group         0x00000000        0x8 ./code/app_init.o
 .group         0x00000000        0x8 ./code/app_init.o
 .group         0x00000000        0x8 ./code/app_init.o
 .group         0x00000000        0x8 ./code/app_init.o
 .group         0x00000000        0x8 ./code/app_init.o
 .group         0x00000000        0x8 ./code/app_init.o
 .group         0x00000000        0x8 ./code/app_init.o
 .group         0x00000000        0x8 ./code/app_init.o
 .group         0x00000000        0x8 ./code/app_init.o
 .group         0x00000000        0x8 ./code/app_init.o
 .group         0x00000000        0x8 ./code/app_init.o
 .group         0x00000000        0x8 ./code/app_init.o
 .group         0x00000000        0x8 ./code/app_init.o
 .group         0x00000000        0x8 ./code/app_init.o
 .group         0x00000000        0x8 ./code/app_init.o
 .group         0x00000000        0x8 ./code/app_init.o
 .group         0x00000000        0x8 ./code/app_init.o
 .group         0x00000000        0x8 ./code/app_init.o
 .group         0x00000000        0x8 ./code/app_init.o
 .group         0x00000000        0x8 ./code/app_init.o
 .group         0x00000000        0x8 ./code/app_init.o
 .group         0x00000000        0x8 ./code/app_init.o
 .group         0x00000000        0x8 ./code/app_init.o
 .text          0x00000000        0x0 ./code/app_init.o
 .data          0x00000000        0x0 ./code/app_init.o
 .bss           0x00000000        0x0 ./code/app_init.o
 .debug_macro   0x00000000      0x8a4 ./code/app_init.o
 .debug_macro   0x00000000       0x22 ./code/app_init.o
 .debug_macro   0x00000000       0x22 ./code/app_init.o
 .debug_macro   0x00000000       0x3a ./code/app_init.o
 .debug_macro   0x00000000       0x22 ./code/app_init.o
 .debug_macro   0x00000000       0x87 ./code/app_init.o
 .debug_macro   0x00000000       0x51 ./code/app_init.o
 .debug_macro   0x00000000       0xef ./code/app_init.o
 .debug_macro   0x00000000       0x6a ./code/app_init.o
 .debug_macro   0x00000000      0x1df ./code/app_init.o
 .debug_macro   0x00000000       0x18 ./code/app_init.o
 .debug_macro   0x00000000      0xa7d ./code/app_init.o
 .debug_macro   0x00000000       0x2e ./code/app_init.o
 .debug_macro   0x00000000       0x10 ./code/app_init.o
 .debug_macro   0x00000000       0x58 ./code/app_init.o
 .debug_macro   0x00000000       0x35 ./code/app_init.o
 .debug_macro   0x00000000       0x9c ./code/app_init.o
 .debug_macro   0x00000000      0x174 ./code/app_init.o
 .debug_macro   0x00000000       0x58 ./code/app_init.o
 .debug_macro   0x00000000       0x1f ./code/app_init.o
 .debug_macro   0x00000000       0x43 ./code/app_init.o
 .debug_macro   0x00000000       0x20 ./code/app_init.o
 .debug_macro   0x00000000      0x187 ./code/app_init.o
 .debug_macro   0x00000000      0x23b ./code/app_init.o
 .debug_macro   0x00000000       0x64 ./code/app_init.o
 .debug_macro   0x00000000    0x11d19 ./code/app_init.o
 .debug_macro   0x00000000      0x411 ./code/app_init.o
 .debug_macro   0x00000000      0x184 ./code/app_init.o
 .debug_macro   0x00000000       0x8e ./code/app_init.o
 .debug_macro   0x00000000       0x16 ./code/app_init.o
 .debug_macro   0x00000000       0x1c ./code/app_init.o
 .debug_macro   0x00000000       0x1c ./code/app_init.o
 .debug_macro   0x00000000       0x1c ./code/app_init.o
 .debug_macro   0x00000000       0x10 ./code/app_init.o
 .debug_macro   0x00000000       0x10 ./code/app_init.o
 .debug_macro   0x00000000      0x330 ./code/app_init.o
 .debug_macro   0x00000000       0x10 ./code/app_init.o
 .debug_macro   0x00000000       0x35 ./code/app_init.o
 .debug_macro   0x00000000       0x7c ./code/app_init.o
 .debug_macro   0x00000000       0x40 ./code/app_init.o
 .debug_macro   0x00000000       0x22 ./code/app_init.o
 .debug_macro   0x00000000       0x16 ./code/app_init.o
 .debug_macro   0x00000000       0x7c ./code/app_init.o
 .debug_macro   0x00000000       0x10 ./code/app_init.o
 .debug_macro   0x00000000       0x2e ./code/app_init.o
 .debug_macro   0x00000000       0x10 ./code/app_init.o
 .debug_macro   0x00000000       0x40 ./code/app_init.o
 .group         0x00000000        0x8 ./app.o
 .group         0x00000000        0x8 ./app.o
 .group         0x00000000        0x8 ./app.o
 .group         0x00000000        0x8 ./app.o
 .group         0x00000000        0x8 ./app.o
 .group         0x00000000        0x8 ./app.o
 .group         0x00000000        0x8 ./app.o
 .group         0x00000000        0x8 ./app.o
 .group         0x00000000        0x8 ./app.o
 .group         0x00000000        0x8 ./app.o
 .group         0x00000000        0x8 ./app.o
 .group         0x00000000        0x8 ./app.o
 .group         0x00000000        0x8 ./app.o
 .group         0x00000000        0x8 ./app.o
 .group         0x00000000        0x8 ./app.o
 .group         0x00000000        0x8 ./app.o
 .group         0x00000000        0x8 ./app.o
 .group         0x00000000        0x8 ./app.o
 .group         0x00000000        0x8 ./app.o
 .group         0x00000000        0x8 ./app.o
 .group         0x00000000        0x8 ./app.o
 .group         0x00000000        0x8 ./app.o
 .group         0x00000000        0x8 ./app.o
 .group         0x00000000        0x8 ./app.o
 .group         0x00000000        0x8 ./app.o
 .group         0x00000000        0x8 ./app.o
 .group         0x00000000        0x8 ./app.o
 .group         0x00000000        0x8 ./app.o
 .group         0x00000000        0x8 ./app.o
 .group         0x00000000        0x8 ./app.o
 .group         0x00000000        0x8 ./app.o
 .group         0x00000000        0x8 ./app.o
 .group         0x00000000        0x8 ./app.o
 .group         0x00000000        0x8 ./app.o
 .group         0x00000000        0x8 ./app.o
 .group         0x00000000        0x8 ./app.o
 .group         0x00000000        0x8 ./app.o
 .group         0x00000000        0x8 ./app.o
 .group         0x00000000        0x8 ./app.o
 .group         0x00000000        0x8 ./app.o
 .group         0x00000000        0x8 ./app.o
 .group         0x00000000        0x8 ./app.o
 .group         0x00000000        0x8 ./app.o
 .group         0x00000000        0x8 ./app.o
 .group         0x00000000        0x8 ./app.o
 .group         0x00000000        0x8 ./app.o
 .group         0x00000000        0x8 ./app.o
 .text          0x00000000        0x0 ./app.o
 .data          0x00000000        0x0 ./app.o
 .bss           0x00000000        0x0 ./app.o
 .bss.start_tx  0x00000000        0x1 ./app.o
 .debug_macro   0x00000000      0x8a4 ./app.o
 .debug_macro   0x00000000       0x22 ./app.o
 .debug_macro   0x00000000       0x22 ./app.o
 .debug_macro   0x00000000       0x3a ./app.o
 .debug_macro   0x00000000       0x22 ./app.o
 .debug_macro   0x00000000       0x87 ./app.o
 .debug_macro   0x00000000       0x51 ./app.o
 .debug_macro   0x00000000       0xef ./app.o
 .debug_macro   0x00000000       0x6a ./app.o
 .debug_macro   0x00000000      0x1df ./app.o
 .debug_macro   0x00000000       0x18 ./app.o
 .debug_macro   0x00000000      0xa7d ./app.o
 .debug_macro   0x00000000       0x2e ./app.o
 .debug_macro   0x00000000       0x10 ./app.o
 .debug_macro   0x00000000       0x58 ./app.o
 .debug_macro   0x00000000       0x35 ./app.o
 .debug_macro   0x00000000       0x9c ./app.o
 .debug_macro   0x00000000      0x174 ./app.o
 .debug_macro   0x00000000       0x58 ./app.o
 .debug_macro   0x00000000       0x1f ./app.o
 .debug_macro   0x00000000       0x43 ./app.o
 .debug_macro   0x00000000       0x20 ./app.o
 .debug_macro   0x00000000      0x187 ./app.o
 .debug_macro   0x00000000      0x23b ./app.o
 .debug_macro   0x00000000       0x64 ./app.o
 .debug_macro   0x00000000    0x11d19 ./app.o
 .debug_macro   0x00000000      0x411 ./app.o
 .debug_macro   0x00000000      0x184 ./app.o
 .debug_macro   0x00000000       0x8e ./app.o
 .debug_macro   0x00000000       0x16 ./app.o
 .debug_macro   0x00000000       0x1c ./app.o
 .debug_macro   0x00000000       0x1c ./app.o
 .debug_macro   0x00000000       0x1c ./app.o
 .debug_macro   0x00000000       0x10 ./app.o
 .debug_macro   0x00000000       0x10 ./app.o
 .debug_macro   0x00000000      0x330 ./app.o
 .debug_macro   0x00000000       0x10 ./app.o
 .debug_macro   0x00000000       0x35 ./app.o
 .debug_macro   0x00000000       0x7c ./app.o
 .debug_macro   0x00000000       0x40 ./app.o
 .debug_macro   0x00000000       0x22 ./app.o
 .debug_macro   0x00000000       0x16 ./app.o
 .debug_macro   0x00000000       0x7c ./app.o
 .debug_macro   0x00000000       0x10 ./app.o
 .debug_macro   0x00000000       0x2e ./app.o
 .debug_macro   0x00000000       0x10 ./app.o
 .debug_macro   0x00000000       0x40 ./app.o
 .data          0x00000000        0x0 C:\Program Files (x86)\ON Semiconductor\RSL10 SDK\eclipse\..\lib\release\libcmsis.a(startup_rsl10.o)
 .bss           0x00000000        0x0 C:\Program Files (x86)\ON Semiconductor\RSL10 SDK\eclipse\..\lib\release\libcmsis.a(startup_rsl10.o)
 .ARM.extab.reset
                0x00000000        0x0 C:\Program Files (x86)\ON Semiconductor\RSL10 SDK\eclipse\..\lib\release\libcmsis.a(startup_rsl10.o)
 .text          0x00000000        0x0 C:\Program Files (x86)\ON Semiconductor\RSL10 SDK\eclipse\..\lib\release\libcmsis.a(start.o)
 .data          0x00000000        0x0 C:\Program Files (x86)\ON Semiconductor\RSL10 SDK\eclipse\..\lib\release\libcmsis.a(start.o)
 .bss           0x00000000        0x0 C:\Program Files (x86)\ON Semiconductor\RSL10 SDK\eclipse\..\lib\release\libcmsis.a(start.o)
 .text          0x00000000        0x0 C:\Program Files (x86)\ON Semiconductor\RSL10 SDK\eclipse\..\lib\release\libcmsis.a(system_rsl10.o)
 .data          0x00000000        0x0 C:\Program Files (x86)\ON Semiconductor\RSL10 SDK\eclipse\..\lib\release\libcmsis.a(system_rsl10.o)
 .bss           0x00000000        0x0 C:\Program Files (x86)\ON Semiconductor\RSL10 SDK\eclipse\..\lib\release\libcmsis.a(system_rsl10.o)
 .text          0x00000000        0x0 C:\Program Files (x86)\ON Semiconductor\RSL10 SDK\eclipse\..\lib\release\libcmsis.a(sbrk.o)
 .data          0x00000000        0x0 C:\Program Files (x86)\ON Semiconductor\RSL10 SDK\eclipse\..\lib\release\libcmsis.a(sbrk.o)
 .bss           0x00000000        0x0 C:\Program Files (x86)\ON Semiconductor\RSL10 SDK\eclipse\..\lib\release\libcmsis.a(sbrk.o)
 .text          0x00000000        0x0 C:\Program Files (x86)\ON Semiconductor\RSL10 SDK\eclipse\..\lib\release\libsyslib.a(rsl10_sys_dma.o)
 .data          0x00000000        0x0 C:\Program Files (x86)\ON Semiconductor\RSL10 SDK\eclipse\..\lib\release\libsyslib.a(rsl10_sys_dma.o)
 .bss           0x00000000        0x0 C:\Program Files (x86)\ON Semiconductor\RSL10 SDK\eclipse\..\lib\release\libsyslib.a(rsl10_sys_dma.o)
 .text          0x00000000        0x0 C:\Program Files (x86)\ON Semiconductor\RSL10 SDK\eclipse\..\lib\release\libsyslib.a(rsl10_sys_timers.o)
 .data          0x00000000        0x0 C:\Program Files (x86)\ON Semiconductor\RSL10 SDK\eclipse\..\lib\release\libsyslib.a(rsl10_sys_timers.o)
 .bss           0x00000000        0x0 C:\Program Files (x86)\ON Semiconductor\RSL10 SDK\eclipse\..\lib\release\libsyslib.a(rsl10_sys_timers.o)
 .text          0x00000000        0x0 C:\Program Files (x86)\ON Semiconductor\RSL10 SDK\eclipse\..\lib\release\libsyslib.a(rsl10_sys_uart.o)
 .data          0x00000000        0x0 C:\Program Files (x86)\ON Semiconductor\RSL10 SDK\eclipse\..\lib\release\libsyslib.a(rsl10_sys_uart.o)
 .bss           0x00000000        0x0 C:\Program Files (x86)\ON Semiconductor\RSL10 SDK\eclipse\..\lib\release\libsyslib.a(rsl10_sys_uart.o)
 .data          0x00000000        0x0 c:/program files (x86)/on semiconductor/rsl10 sdk/arm_tools/bin/../lib/gcc/arm-none-eabi/6.3.1/thumb/v7-m\libgcc.a(_arm_addsubdf3.o)
 .bss           0x00000000        0x0 c:/program files (x86)/on semiconductor/rsl10 sdk/arm_tools/bin/../lib/gcc/arm-none-eabi/6.3.1/thumb/v7-m\libgcc.a(_arm_addsubdf3.o)
 .data          0x00000000        0x0 c:/program files (x86)/on semiconductor/rsl10 sdk/arm_tools/bin/../lib/gcc/arm-none-eabi/6.3.1/thumb/v7-m\libgcc.a(_arm_muldivdf3.o)
 .bss           0x00000000        0x0 c:/program files (x86)/on semiconductor/rsl10 sdk/arm_tools/bin/../lib/gcc/arm-none-eabi/6.3.1/thumb/v7-m\libgcc.a(_arm_muldivdf3.o)
 .data          0x00000000        0x0 c:/program files (x86)/on semiconductor/rsl10 sdk/arm_tools/bin/../lib/gcc/arm-none-eabi/6.3.1/thumb/v7-m\libgcc.a(_arm_fixunsdfsi.o)
 .bss           0x00000000        0x0 c:/program files (x86)/on semiconductor/rsl10 sdk/arm_tools/bin/../lib/gcc/arm-none-eabi/6.3.1/thumb/v7-m\libgcc.a(_arm_fixunsdfsi.o)
 .text          0x00000000        0x0 c:/program files (x86)/on semiconductor/rsl10 sdk/arm_tools/bin/../lib/gcc/arm-none-eabi/6.3.1/../../../../arm-none-eabi/lib/thumb/v7-m\libg_nano.a(lib_a-errno.o)
 .data          0x00000000        0x0 c:/program files (x86)/on semiconductor/rsl10 sdk/arm_tools/bin/../lib/gcc/arm-none-eabi/6.3.1/../../../../arm-none-eabi/lib/thumb/v7-m\libg_nano.a(lib_a-errno.o)
 .bss           0x00000000        0x0 c:/program files (x86)/on semiconductor/rsl10 sdk/arm_tools/bin/../lib/gcc/arm-none-eabi/6.3.1/../../../../arm-none-eabi/lib/thumb/v7-m\libg_nano.a(lib_a-errno.o)
 .text          0x00000000        0x0 c:/program files (x86)/on semiconductor/rsl10 sdk/arm_tools/bin/../lib/gcc/arm-none-eabi/6.3.1/../../../../arm-none-eabi/lib/thumb/v7-m\libg_nano.a(lib_a-impure.o)
 .data          0x00000000        0x0 c:/program files (x86)/on semiconductor/rsl10 sdk/arm_tools/bin/../lib/gcc/arm-none-eabi/6.3.1/../../../../arm-none-eabi/lib/thumb/v7-m\libg_nano.a(lib_a-impure.o)
 .bss           0x00000000        0x0 c:/program files (x86)/on semiconductor/rsl10 sdk/arm_tools/bin/../lib/gcc/arm-none-eabi/6.3.1/../../../../arm-none-eabi/lib/thumb/v7-m\libg_nano.a(lib_a-impure.o)
 .rodata._global_impure_ptr
                0x00000000        0x4 c:/program files (x86)/on semiconductor/rsl10 sdk/arm_tools/bin/../lib/gcc/arm-none-eabi/6.3.1/../../../../arm-none-eabi/lib/thumb/v7-m\libg_nano.a(lib_a-impure.o)
 .text          0x00000000        0x0 c:/program files (x86)/on semiconductor/rsl10 sdk/arm_tools/bin/../lib/gcc/arm-none-eabi/6.3.1/../../../../arm-none-eabi/lib/thumb/v7-m\libg_nano.a(lib_a-malloc.o)
 .data          0x00000000        0x0 c:/program files (x86)/on semiconductor/rsl10 sdk/arm_tools/bin/../lib/gcc/arm-none-eabi/6.3.1/../../../../arm-none-eabi/lib/thumb/v7-m\libg_nano.a(lib_a-malloc.o)
 .bss           0x00000000        0x0 c:/program files (x86)/on semiconductor/rsl10 sdk/arm_tools/bin/../lib/gcc/arm-none-eabi/6.3.1/../../../../arm-none-eabi/lib/thumb/v7-m\libg_nano.a(lib_a-malloc.o)
 .text.free     0x00000000       0x10 c:/program files (x86)/on semiconductor/rsl10 sdk/arm_tools/bin/../lib/gcc/arm-none-eabi/6.3.1/../../../../arm-none-eabi/lib/thumb/v7-m\libg_nano.a(lib_a-malloc.o)
 .text          0x00000000        0x0 c:/program files (x86)/on semiconductor/rsl10 sdk/arm_tools/bin/../lib/gcc/arm-none-eabi/6.3.1/../../../../arm-none-eabi/lib/thumb/v7-m\libg_nano.a(lib_a-memcpy-stub.o)
 .data          0x00000000        0x0 c:/program files (x86)/on semiconductor/rsl10 sdk/arm_tools/bin/../lib/gcc/arm-none-eabi/6.3.1/../../../../arm-none-eabi/lib/thumb/v7-m\libg_nano.a(lib_a-memcpy-stub.o)
 .bss           0x00000000        0x0 c:/program files (x86)/on semiconductor/rsl10 sdk/arm_tools/bin/../lib/gcc/arm-none-eabi/6.3.1/../../../../arm-none-eabi/lib/thumb/v7-m\libg_nano.a(lib_a-memcpy-stub.o)
 .text          0x00000000        0x0 c:/program files (x86)/on semiconductor/rsl10 sdk/arm_tools/bin/../lib/gcc/arm-none-eabi/6.3.1/../../../../arm-none-eabi/lib/thumb/v7-m\libg_nano.a(lib_a-nano-freer.o)
 .data          0x00000000        0x0 c:/program files (x86)/on semiconductor/rsl10 sdk/arm_tools/bin/../lib/gcc/arm-none-eabi/6.3.1/../../../../arm-none-eabi/lib/thumb/v7-m\libg_nano.a(lib_a-nano-freer.o)
 .bss           0x00000000        0x0 c:/program files (x86)/on semiconductor/rsl10 sdk/arm_tools/bin/../lib/gcc/arm-none-eabi/6.3.1/../../../../arm-none-eabi/lib/thumb/v7-m\libg_nano.a(lib_a-nano-freer.o)
 .text._free_r  0x00000000       0x98 c:/program files (x86)/on semiconductor/rsl10 sdk/arm_tools/bin/../lib/gcc/arm-none-eabi/6.3.1/../../../../arm-none-eabi/lib/thumb/v7-m\libg_nano.a(lib_a-nano-freer.o)
 .debug_frame   0x00000000       0x38 c:/program files (x86)/on semiconductor/rsl10 sdk/arm_tools/bin/../lib/gcc/arm-none-eabi/6.3.1/../../../../arm-none-eabi/lib/thumb/v7-m\libg_nano.a(lib_a-nano-freer.o)
 .ARM.attributes
                0x00000000       0x2d c:/program files (x86)/on semiconductor/rsl10 sdk/arm_tools/bin/../lib/gcc/arm-none-eabi/6.3.1/../../../../arm-none-eabi/lib/thumb/v7-m\libg_nano.a(lib_a-nano-freer.o)
 .text          0x00000000        0x0 c:/program files (x86)/on semiconductor/rsl10 sdk/arm_tools/bin/../lib/gcc/arm-none-eabi/6.3.1/../../../../arm-none-eabi/lib/thumb/v7-m\libg_nano.a(lib_a-nano-mallocr.o)
 .data          0x00000000        0x0 c:/program files (x86)/on semiconductor/rsl10 sdk/arm_tools/bin/../lib/gcc/arm-none-eabi/6.3.1/../../../../arm-none-eabi/lib/thumb/v7-m\libg_nano.a(lib_a-nano-mallocr.o)
 .bss           0x00000000        0x0 c:/program files (x86)/on semiconductor/rsl10 sdk/arm_tools/bin/../lib/gcc/arm-none-eabi/6.3.1/../../../../arm-none-eabi/lib/thumb/v7-m\libg_nano.a(lib_a-nano-mallocr.o)
 .text          0x00000000        0x0 c:/program files (x86)/on semiconductor/rsl10 sdk/arm_tools/bin/../lib/gcc/arm-none-eabi/6.3.1/../../../../arm-none-eabi/lib/thumb/v7-m\libg_nano.a(lib_a-sbrkr.o)
 .data          0x00000000        0x0 c:/program files (x86)/on semiconductor/rsl10 sdk/arm_tools/bin/../lib/gcc/arm-none-eabi/6.3.1/../../../../arm-none-eabi/lib/thumb/v7-m\libg_nano.a(lib_a-sbrkr.o)
 .bss           0x00000000        0x0 c:/program files (x86)/on semiconductor/rsl10 sdk/arm_tools/bin/../lib/gcc/arm-none-eabi/6.3.1/../../../../arm-none-eabi/lib/thumb/v7-m\libg_nano.a(lib_a-sbrkr.o)
 .text          0x00000000        0x0 c:/program files (x86)/on semiconductor/rsl10 sdk/arm_tools/bin/../lib/gcc/arm-none-eabi/6.3.1/../../../../arm-none-eabi/lib/thumb/v7-m\libg_nano.a(lib_a-mlock.o)
 .data          0x00000000        0x0 c:/program files (x86)/on semiconductor/rsl10 sdk/arm_tools/bin/../lib/gcc/arm-none-eabi/6.3.1/../../../../arm-none-eabi/lib/thumb/v7-m\libg_nano.a(lib_a-mlock.o)
 .bss           0x00000000        0x0 c:/program files (x86)/on semiconductor/rsl10 sdk/arm_tools/bin/../lib/gcc/arm-none-eabi/6.3.1/../../../../arm-none-eabi/lib/thumb/v7-m\libg_nano.a(lib_a-mlock.o)
 .text          0x00000000        0x0 c:/program files (x86)/on semiconductor/rsl10 sdk/arm_tools/bin/../lib/gcc/arm-none-eabi/6.3.1/../../../../arm-none-eabi/lib/thumb/v7-m\libg_nano.a(lib_a-reent.o)
 .data          0x00000000        0x0 c:/program files (x86)/on semiconductor/rsl10 sdk/arm_tools/bin/../lib/gcc/arm-none-eabi/6.3.1/../../../../arm-none-eabi/lib/thumb/v7-m\libg_nano.a(lib_a-reent.o)
 .bss           0x00000000        0x0 c:/program files (x86)/on semiconductor/rsl10 sdk/arm_tools/bin/../lib/gcc/arm-none-eabi/6.3.1/../../../../arm-none-eabi/lib/thumb/v7-m\libg_nano.a(lib_a-reent.o)
 .text.cleanup_glue
                0x00000000       0x1a c:/program files (x86)/on semiconductor/rsl10 sdk/arm_tools/bin/../lib/gcc/arm-none-eabi/6.3.1/../../../../arm-none-eabi/lib/thumb/v7-m\libg_nano.a(lib_a-reent.o)
 .text._reclaim_reent
                0x00000000       0xb8 c:/program files (x86)/on semiconductor/rsl10 sdk/arm_tools/bin/../lib/gcc/arm-none-eabi/6.3.1/../../../../arm-none-eabi/lib/thumb/v7-m\libg_nano.a(lib_a-reent.o)

Memory Configuration

Name             Origin             Length             Attributes
ROM              0x00000000         0x00001000         r
FLASH            0x00100000         0x0005f000         xrw
PRAM             0x00200000         0x00008000         xrw
DRAM             0x20000000         0x00006000         xrw
DRAM_DSP         0x20006000         0x0000c000         xrw
DRAM_BB          0x20012000         0x00004000         xrw
*default*        0x00000000         0xffffffff

Linker script and memory map

LOAD ./code/CSL.o
LOAD ./code/Timer.o
LOAD ./code/Uart.o
LOAD ./code/app_init.o
LOAD ./app.o
LOAD C:\Program Files (x86)\ON Semiconductor\RSL10 SDK\eclipse\..\lib\release\libcmsis.a
LOAD C:\Program Files (x86)\ON Semiconductor\RSL10 SDK\eclipse\..\lib\release\libsyslib.a
START GROUP
LOAD c:/program files (x86)/on semiconductor/rsl10 sdk/arm_tools/bin/../lib/gcc/arm-none-eabi/6.3.1/thumb/v7-m\libgcc.a
LOAD c:/program files (x86)/on semiconductor/rsl10 sdk/arm_tools/bin/../lib/gcc/arm-none-eabi/6.3.1/../../../../arm-none-eabi/lib/thumb/v7-m\libg_nano.a
LOAD c:/program files (x86)/on semiconductor/rsl10 sdk/arm_tools/bin/../lib/gcc/arm-none-eabi/6.3.1/../../../../arm-none-eabi/lib/thumb/v7-m\libc_nano.a
END GROUP
START GROUP
LOAD c:/program files (x86)/on semiconductor/rsl10 sdk/arm_tools/bin/../lib/gcc/arm-none-eabi/6.3.1/thumb/v7-m\libgcc.a
LOAD c:/program files (x86)/on semiconductor/rsl10 sdk/arm_tools/bin/../lib/gcc/arm-none-eabi/6.3.1/../../../../arm-none-eabi/lib/thumb/v7-m\libc_nano.a
END GROUP
                0x20006000                __stack = (ORIGIN (DRAM) + LENGTH (DRAM))
                [!provide]                PROVIDE (__stack, __stack)
                0x00000400                __Main_Stack_Size = 0x400
                [!provide]                PROVIDE (_Main_Stack_Size, __Main_Stack_Size)
                0x20005c00                __Main_Stack_Limit = (__stack - __Main_Stack_Size)
                [!provide]                PROVIDE (_Main_Stack_Limit, __Main_Stack_Limit)
                0x200000fc                PROVIDE (__Heap_Begin__, __noinit_end__)
                0x20005c00                PROVIDE (__Heap_Limit__, (__stack - __Main_Stack_Size))
                0xe000ed08                __VTOR = 0xe000ed08

.text           0x00100000     0x1d4c
                0x00100000                . = ALIGN (0x4)
 *(.interrupt_vector)
 .interrupt_vector
                0x00100000      0x164 C:\Program Files (x86)\ON Semiconductor\RSL10 SDK\eclipse\..\lib\release\libcmsis.a(startup_rsl10.o)
                0x00100000                ISR_Vector_Table
 *(.reset)
 .reset         0x00100164       0x18 C:\Program Files (x86)\ON Semiconductor\RSL10 SDK\eclipse\..\lib\release\libcmsis.a(startup_rsl10.o)
                0x00100164                Reset_Handler
                0x0010017c                . = ALIGN (0x4)
                0x0010017c                PROVIDE (__preinit_array_start__, .)
 *(.preinit_array_sysinit .preinit_array_sysinit.*)
 *(.preinit_array_platform .preinit_array_platform.*)
 *(.preinit_array .preinit_array.*)
                0x0010017c                PROVIDE (__preinit_array_end__, .)
                0x0010017c                . = ALIGN (0x4)
                0x0010017c                PROVIDE (__init_array_start__, .)
 *(SORT(.init_array.*))
 *(.init_array)
                0x0010017c                PROVIDE (__init_array_end__, .)
                0x0010017c                . = ALIGN (0x4)
 *(.text .text.*)
 .text.CSL_FIFOInit
                0x0010017c       0x82 ./code/CSL.o
                0x0010017c                CSL_FIFOInit
 .text.CSL_FIFOEmptyCellCountGet
                0x001001fe       0x70 ./code/CSL.o
                0x001001fe                CSL_FIFOEmptyCellCountGet
 .text.CSL_FIFOStateGet
                0x0010026e       0x3a ./code/CSL.o
                0x0010026e                CSL_FIFOStateGet
 .text.CSL_EmptyCellGet
                0x001002a8       0x60 ./code/CSL.o
                0x001002a8                CSL_EmptyCellGet
 .text.CSL_FIFOPacketPut
                0x00100308       0xc6 ./code/CSL.o
                0x00100308                CSL_FIFOPacketPut
 *fill*         0x001003ce        0x2 
 .text.NVIC_EnableIRQ
                0x001003d0       0x30 ./code/Timer.o
 .text.Sys_Timer_Set_Control
                0x00100400       0x24 ./code/Timer.o
 .text.Ts_Initialize
                0x00100424       0xc4 ./code/Timer.o
                0x00100424                Ts_Initialize
 .text.Ts_Start
                0x001004e8        0xe ./code/Timer.o
                0x001004e8                Ts_Start
 *fill*         0x001004f6        0x2 
 .text.Ts_UI2ASCII
                0x001004f8       0x90 ./code/Timer.o
                0x001004f8                Ts_UI2ASCII
 .text.Ts_NewMsgTemp
                0x00100588       0x38 ./code/Timer.o
                0x00100588                Ts_NewMsgTemp
 .text.Ts_NewMsgGen
                0x001005c0       0x64 ./code/Timer.o
                0x001005c0                Ts_NewMsgGen
 .text.Ts_MsgFIFOPut
                0x00100624       0x58 ./code/Timer.o
                0x00100624                Ts_MsgFIFOPut
 .text.Ts_EmptyCellCountGet
                0x0010067c       0x30 ./code/Timer.o
                0x0010067c                Ts_EmptyCellCountGet
 .text.Ts_MsgFIFOEvent
                0x001006ac       0x60 ./code/Timer.o
                0x001006ac                Ts_MsgFIFOEvent
 .text.Ts_MsgTestPass
                0x0010070c       0x60 ./code/Timer.o
                0x0010070c                Ts_MsgTestPass
 .text.Ts_MsgTestFail
                0x0010076c       0x60 ./code/Timer.o
                0x0010076c                Ts_MsgTestFail
 .text.Ts_MsgFIFOStateGet
                0x001007cc       0xc8 ./code/Timer.o
                0x001007cc                Ts_MsgFIFOStateGet
 .text.Ts_FIFOFlow
                0x00100894       0x5c ./code/Timer.o
                0x00100894                Ts_FIFOFlow
 .text.NVIC_EnableIRQ
                0x001008f0       0x30 ./code/app_init.o
 .text.Sys_DIO_Config
                0x00100920       0x24 ./code/app_init.o
 .text.Sys_DIO_IntConfig
                0x00100944       0x38 ./code/app_init.o
 .text.Sys_Clocks_SystemClkConfig
                0x0010097c       0x34 ./code/app_init.o
 .text.Sys_NVIC_DisableAllInt
                0x001009b0       0x30 ./code/app_init.o
 .text.Sys_NVIC_ClearAllPendingInt
                0x001009e0       0x30 ./code/app_init.o
 .text.Sys_UART_DIOConfig
                0x00100a10       0x3c ./code/app_init.o
 .text.Initialize
                0x00100a4c      0x17c ./code/app_init.o
                0x00100a4c                Initialize
 .text.Sys_Delay_ProgramROM
                0x00100bc8       0x22 ./app.o
 *fill*         0x00100bea        0x2 
 .text.Sys_GPIO_Set_High
                0x00100bec       0x3c ./app.o
 .text.Sys_GPIO_Set_Low
                0x00100c28       0x3c ./app.o
 .text.Sys_Watchdog_Refresh
                0x00100c64       0x1c ./app.o
 .text.DIO0_IRQHandler
                0x00100c80       0x34 ./app.o
                0x00100c80                DIO0_IRQHandler
 .text.UART_TX_IRQHandler
                0x00100cb4       0x68 ./app.o
                0x00100cb4                UART_TX_IRQHandler
 .text.UART_RX_IRQHandler
                0x00100d1c       0x84 ./app.o
                0x00100d1c                UART_RX_IRQHandler
 .text.TIMER0_IRQHandler
                0x00100da0       0x3c ./app.o
                0x00100da0                TIMER0_IRQHandler
 .text.TIMER1_IRQHandler
                0x00100ddc       0x20 ./app.o
                0x00100ddc                TIMER1_IRQHandler
 .text.TIMER2_IRQHandler
                0x00100dfc       0x28 ./app.o
                0x00100dfc                TIMER2_IRQHandler
 .text.TIMER3_IRQHandler
                0x00100e24       0x1c ./app.o
                0x00100e24                TIMER3_IRQHandler
 .text.main     0x00100e40       0xa8 ./app.o
                0x00100e40                main
 .text          0x00100ee8       0x14 C:\Program Files (x86)\ON Semiconductor\RSL10 SDK\eclipse\..\lib\release\libcmsis.a(startup_rsl10.o)
                0x00100ee8                NMI_Handler
                0x00100eea                HardFault_Handler
                0x00100eec                MemManage_Handler
                0x00100eee                BusFault_Handler
                0x00100ef0                UsageFault_Handler
                0x00100ef2                SVC_Handler
                0x00100ef4                DebugMon_Handler
                0x00100ef6                PendSV_Handler
                0x00100ef8                SysTick_Handler
                0x00100efa                UART_ERROR_IRQHandler
                0x00100efa                DSP7_IRQHandler
                0x00100efa                BLE_COEX_RX_TX_IRQHandler
                0x00100efa                DMA2_IRQHandler
                0x00100efa                BLE_SW_IRQHandler
                0x00100efa                DSP2_IRQHandler
                0x00100efa                MEMORY_ERROR_IRQHandler
                0x00100efa                BLE_GROSSTGTIM_IRQHandler
                0x00100efa                WATCHDOG_IRQHandler
                0x00100efa                DIO1_IRQHandler
                0x00100efa                DIO3_IRQHandler
                0x00100efa                DSP3_IRQHandler
                0x00100efa                FLASH_COPY_IRQHandler
                0x00100efa                RF_TXFIFO_IRQHandler
                0x00100efa                BLE_AUDIO0_IRQHandler
                0x00100efa                BLE_SLP_IRQHandler
                0x00100efa                RTC_ALARM_IRQHandler
                0x00100efa                SPI0_ERROR_IRQHandler
                0x00100efa                BLE_COEX_IN_PROCESS_IRQHandler
                0x00100efa                ASRC_IN_IRQHandler
                0x00100efa                DMA5_IRQHandler
                0x00100efa                SPI1_ERROR_IRQHandler
                0x00100efa                DMIC_OD_ERROR_IRQHandler
                0x00100efa                PCM_TX_IRQHandler
                0x00100efa                DSP0_IRQHandler
                0x00100efa                SPI0_TX_IRQHandler
                0x00100efa                Default_Handler
                0x00100efa                DMIC_OUT_OD_IN_IRQHandler
                0x00100efa                ADC_BATMON_IRQHandler
                0x00100efa                DMA7_IRQHandler
                0x00100efa                PCM_RX_IRQHandler
                0x00100efa                RF_TX_IRQHandler
                0x00100efa                SPI0_RX_IRQHandler
                0x00100efa                ASRC_ERROR_IRQHandler
                0x00100efa                RF_RXSTOP_IRQHandler
                0x00100efa                DSP1_IRQHandler
                0x00100efa                AUDIOSINK_PHASE_IRQHandler
                0x00100efa                BLE_AUDIO2_IRQHandler
                0x00100efa                WAKEUP_IRQHandler
                0x00100efa                RF_SYNC_IRQHandler
                0x00100efa                SPI1_RX_IRQHandler
                0x00100efa                CLKDET_IRQHandler
                0x00100efa                DSP6_IRQHandler
                0x00100efa                I2C_IRQHandler
                0x00100efa                RF_IRQ_RECEIVED_IRQHandler
                0x00100efa                AUDIOSINK_PERIOD_IRQHandler
                0x00100efa                BLE_RX_IRQHandler
                0x00100efa                BLE_AUDIO1_IRQHandler
                0x00100efa                BLE_ERROR_IRQHandler
                0x00100efa                DMA3_IRQHandler
                0x00100efa                RTC_CLOCK_IRQHandler
                0x00100efa                DIO2_IRQHandler
                0x00100efa                DMA0_IRQHandler
                0x00100efa                ASRC_OUT_IRQHandler
                0x00100efa                PCM_ERROR_IRQHandler
                0x00100efa                DSP5_IRQHandler
                0x00100efa                DMA4_IRQHandler
                0x00100efa                BLE_EVENT_IRQHandler
                0x00100efa                BLE_CRYPT_IRQHandler
                0x00100efa                FLASH_ECC_IRQHandler
                0x00100efa                SPI1_TX_IRQHandler
                0x00100efa                BLE_FINETGTIM_IRQHandler
                0x00100efa                BLE_CSCNT_IRQHandler
                0x00100efa                DSP4_IRQHandler
                0x00100efa                DMA6_IRQHandler
                0x00100efa                RF_RXFIFO_IRQHandler
                0x00100efa                DMA1_IRQHandler
 .text._start   0x00100efc      0x160 C:\Program Files (x86)\ON Semiconductor\RSL10 SDK\eclipse\..\lib\release\libcmsis.a(start.o)
                0x00100efc                _start
 .text.System_GetTargetForTrim
                0x0010105c       0x32 C:\Program Files (x86)\ON Semiconductor\RSL10 SDK\eclipse\..\lib\release\libcmsis.a(system_rsl10.o)
                0x0010105c                System_GetTargetForTrim
 *fill*         0x0010108e        0x2 
 .text.SystemInit
                0x00101090       0x24 C:\Program Files (x86)\ON Semiconductor\RSL10 SDK\eclipse\..\lib\release\libcmsis.a(system_rsl10.o)
                0x00101090                SystemInit
 .text.SystemCoreClockUpdate
                0x001010b4      0x168 C:\Program Files (x86)\ON Semiconductor\RSL10 SDK\eclipse\..\lib\release\libcmsis.a(system_rsl10.o)
                0x001010b4                SystemCoreClockUpdate
 .text._sbrk    0x0010121c       0x54 C:\Program Files (x86)\ON Semiconductor\RSL10 SDK\eclipse\..\lib\release\libcmsis.a(sbrk.o)
                0x0010121c                _sbrk
 .text.Sys_DMA_ChannelConfig
                0x00101270       0x2e C:\Program Files (x86)\ON Semiconductor\RSL10 SDK\eclipse\..\lib\release\libsyslib.a(rsl10_sys_dma.o)
                0x00101270                Sys_DMA_ChannelConfig
 *fill*         0x0010129e        0x2 
 .text.Sys_Timers_Start
                0x001012a0       0x54 C:\Program Files (x86)\ON Semiconductor\RSL10 SDK\eclipse\..\lib\release\libsyslib.a(rsl10_sys_timers.o)
                0x001012a0                Sys_Timers_Start
 .text.Sys_Timers_Stop
                0x001012f4       0x3c C:\Program Files (x86)\ON Semiconductor\RSL10 SDK\eclipse\..\lib\release\libsyslib.a(rsl10_sys_timers.o)
                0x001012f4                Sys_Timers_Stop
 .text.Sys_UART_Enable
                0x00101330       0x54 C:\Program Files (x86)\ON Semiconductor\RSL10 SDK\eclipse\..\lib\release\libsyslib.a(rsl10_sys_uart.o)
                0x00101330                Sys_UART_Enable
 .text          0x00101384      0x370 c:/program files (x86)/on semiconductor/rsl10 sdk/arm_tools/bin/../lib/gcc/arm-none-eabi/6.3.1/thumb/v7-m\libgcc.a(_arm_addsubdf3.o)
                0x00101384                __aeabi_drsub
                0x0010138c                __aeabi_dsub
                0x0010138c                __subdf3
                0x00101390                __aeabi_dadd
                0x00101390                __adddf3
                0x00101608                __floatunsidf
                0x00101608                __aeabi_ui2d
                0x00101628                __floatsidf
                0x00101628                __aeabi_i2d
                0x0010164c                __aeabi_f2d
                0x0010164c                __extendsfdf2
                0x00101688                __floatundidf
                0x00101688                __aeabi_ul2d
                0x00101698                __floatdidf
                0x00101698                __aeabi_l2d
 .text          0x001016f4      0x424 c:/program files (x86)/on semiconductor/rsl10 sdk/arm_tools/bin/../lib/gcc/arm-none-eabi/6.3.1/thumb/v7-m\libgcc.a(_arm_muldivdf3.o)
                0x001016f4                __aeabi_dmul
                0x001016f4                __muldf3
                0x00101948                __divdf3
                0x00101948                __aeabi_ddiv
 .text          0x00101b18       0x40 c:/program files (x86)/on semiconductor/rsl10 sdk/arm_tools/bin/../lib/gcc/arm-none-eabi/6.3.1/thumb/v7-m\libgcc.a(_arm_fixunsdfsi.o)
                0x00101b18                __aeabi_d2uiz
                0x00101b18                __fixunsdfsi
 .text.__errno  0x00101b58        0xc c:/program files (x86)/on semiconductor/rsl10 sdk/arm_tools/bin/../lib/gcc/arm-none-eabi/6.3.1/../../../../arm-none-eabi/lib/thumb/v7-m\libg_nano.a(lib_a-errno.o)
                0x00101b58                __errno
 .text.malloc   0x00101b64       0x10 c:/program files (x86)/on semiconductor/rsl10 sdk/arm_tools/bin/../lib/gcc/arm-none-eabi/6.3.1/../../../../arm-none-eabi/lib/thumb/v7-m\libg_nano.a(lib_a-malloc.o)
                0x00101b64                malloc
 .text.memcpy   0x00101b74       0x16 c:/program files (x86)/on semiconductor/rsl10 sdk/arm_tools/bin/../lib/gcc/arm-none-eabi/6.3.1/../../../../arm-none-eabi/lib/thumb/v7-m\libg_nano.a(lib_a-memcpy-stub.o)
                0x00101b74                memcpy
 *fill*         0x00101b8a        0x2 
 .text._malloc_r
                0x00101b8c       0xbc c:/program files (x86)/on semiconductor/rsl10 sdk/arm_tools/bin/../lib/gcc/arm-none-eabi/6.3.1/../../../../arm-none-eabi/lib/thumb/v7-m\libg_nano.a(lib_a-nano-mallocr.o)
                0x00101b8c                _malloc_r
 .text._sbrk_r  0x00101c48       0x20 c:/program files (x86)/on semiconductor/rsl10 sdk/arm_tools/bin/../lib/gcc/arm-none-eabi/6.3.1/../../../../arm-none-eabi/lib/thumb/v7-m\libg_nano.a(lib_a-sbrkr.o)
                0x00101c48                _sbrk_r
 .text.__malloc_lock
                0x00101c68        0x2 c:/program files (x86)/on semiconductor/rsl10 sdk/arm_tools/bin/../lib/gcc/arm-none-eabi/6.3.1/../../../../arm-none-eabi/lib/thumb/v7-m\libg_nano.a(lib_a-mlock.o)
                0x00101c68                __malloc_lock
 .text.__malloc_unlock
                0x00101c6a        0x2 c:/program files (x86)/on semiconductor/rsl10 sdk/arm_tools/bin/../lib/gcc/arm-none-eabi/6.3.1/../../../../arm-none-eabi/lib/thumb/v7-m\libg_nano.a(lib_a-mlock.o)
                0x00101c6a                __malloc_unlock
 *(.rodata .rodata.*)
 .rodata        0x00101c6c       0xde ./code/Timer.o
                0x00101d4c                . = ALIGN (0x4)
 *fill*         0x00101d4a        0x2 
                0x00101d4c                __dsp_start__ = .
 *(.dsp .dsp.*)
                0x00101d4c                __dsp_end__ = .
                0x00101d4c                . = ALIGN (0x4)

.glue_7         0x00101d4c        0x0
 .glue_7        0x00101d4c        0x0 linker stubs

.glue_7t        0x00101d4c        0x0
 .glue_7t       0x00101d4c        0x0 linker stubs

.vfp11_veneer   0x00101d4c        0x0
 .vfp11_veneer  0x00101d4c        0x0 linker stubs

.v4_bx          0x00101d4c        0x0
 .v4_bx         0x00101d4c        0x0 linker stubs

.iplt           0x00101d4c        0x0
 .iplt          0x00101d4c        0x0 ./code/CSL.o

.rel.dyn        0x00101d4c        0x0
 .rel.iplt      0x00101d4c        0x0 ./code/CSL.o

.ARM.exidx.reset
                0x00101d4c        0x8
 .ARM.exidx.reset
                0x00101d4c        0x8 C:\Program Files (x86)\ON Semiconductor\RSL10 SDK\eclipse\..\lib\release\libcmsis.a(startup_rsl10.o)
                0x00101d54                . = ALIGN (0x4)
                0x00101d54                __data_init__ = .

.systemclock    0x20000000        0x4
                0x20000000                . = ALIGN (0x4)
 *(.systemclock)
 .systemclock   0x20000000        0x4 C:\Program Files (x86)\ON Semiconductor\RSL10 SDK\eclipse\..\lib\release\libcmsis.a(system_rsl10.o)
                0x20000000                SystemCoreClock

.data           0x20000004       0x70 load address 0x00101d54
                0x20000004                . = ALIGN (0x4)
                0x20000004                __data_start__ = .
 *(.data_begin .data_begin.*)
 *(.data .data.*)
 .data.Msg      0x20000004        0xc ./app.o
                0x20000004                Msg
 .data._impure_ptr
                0x20000010        0x4 c:/program files (x86)/on semiconductor/rsl10 sdk/arm_tools/bin/../lib/gcc/arm-none-eabi/6.3.1/../../../../arm-none-eabi/lib/thumb/v7-m\libg_nano.a(lib_a-impure.o)
                0x20000010                _impure_ptr
 .data.impure_data
                0x20000014       0x60 c:/program files (x86)/on semiconductor/rsl10 sdk/arm_tools/bin/../lib/gcc/arm-none-eabi/6.3.1/../../../../arm-none-eabi/lib/thumb/v7-m\libg_nano.a(lib_a-impure.o)
 *(.data_end .data_end.*)
                0x20000074                . = ALIGN (0x4)
                0x20000074                __data_end__ = .

.igot.plt       0x20000074        0x0 load address 0x00101dc4
 .igot.plt      0x20000074        0x0 ./code/CSL.o

.bss            0x20000074       0x88 load address 0x00101dc4
                0x20000074                . = ALIGN (0x4)
                0x20000074                __bss_start__ = .
 *(.bss_begin .bss_begin.*)
 *(.bss .bss.*)
 .bss.CSL_ATTx_p
                0x20000074        0x4 ./code/Timer.o
 .bss.msgNumPut
                0x20000078        0x4 ./code/Timer.o
                0x20000078                msgNumPut
 .bss.nbr_tx_send
                0x2000007c        0x1 ./code/app_init.o
 .bss.start_tx  0x2000007d        0x1 ./code/app_init.o
 .bss.nbr_tx_send
                0x2000007e        0x1 ./app.o
 .bss.ignore_next_dio_int.8174
                0x2000007f        0x1 ./app.o
 .bss.heapTop.8120
                0x20000080        0x4 C:\Program Files (x86)\ON Semiconductor\RSL10 SDK\eclipse\..\lib\release\libcmsis.a(sbrk.o)
 .bss.__malloc_free_list
                0x20000084        0x4 c:/program files (x86)/on semiconductor/rsl10 sdk/arm_tools/bin/../lib/gcc/arm-none-eabi/6.3.1/../../../../arm-none-eabi/lib/thumb/v7-m\libg_nano.a(lib_a-nano-mallocr.o)
                0x20000084                __malloc_free_list
 .bss.__malloc_sbrk_start
                0x20000088        0x4 c:/program files (x86)/on semiconductor/rsl10 sdk/arm_tools/bin/../lib/gcc/arm-none-eabi/6.3.1/../../../../arm-none-eabi/lib/thumb/v7-m\libg_nano.a(lib_a-nano-mallocr.o)
                0x20000088                __malloc_sbrk_start
 *(COMMON)
 COMMON         0x2000008c       0x6c ./code/Timer.o
                0x2000008c                rx_end
                0x20000090                Msg_Out
                0x200000a5                tx_buffer_index
                0x200000a8                Msg_Tmp
                0x200000c0                rx_buffer
                0x200000d8                tx_buffer
                0x200000ed                Ts_FIFO_OP
                0x200000f0                uint32Max
                0x200000f4                rx_buffer_index
                0x200000f5                nbr_rx_receive
                0x200000f6                Ts_FIFO_ST
                0x200000f7                tx_end
 COMMON         0x200000f8        0x4 c:/program files (x86)/on semiconductor/rsl10 sdk/arm_tools/bin/../lib/gcc/arm-none-eabi/6.3.1/../../../../arm-none-eabi/lib/thumb/v7-m\libg_nano.a(lib_a-reent.o)
                0x200000f8                errno
 *(.bss_end .bss_end.*)
                0x200000fc                . = ALIGN (0x4)
                0x200000fc                __bss_end__ = .

.noinit         0x200000fc        0x0
                0x200000fc                . = ALIGN (0x4)
                0x200000fc                __noinit_start__ = .
 *(.noinit .noinit.*)
                0x200000fc                . = ALIGN (0x4)
                0x200000fc                __noinit_end__ = .

._stack         0x200000fc      0x400 load address 0x00101e4c
                0x200000fc                . = ALIGN (0x4)
                0x200004fc                . = (. + __Main_Stack_Size)
 *fill*         0x200000fc      0x400 
                0x200004fc                . = ALIGN (0x4)
OUTPUT(CSL_UART.elf elf32-littlearm)

.debug_info     0x00000000     0x4bc2
 .debug_info    0x00000000      0xf60 ./code/CSL.o
 .debug_info    0x00000f60     0x141c ./code/Timer.o
 .debug_info    0x0000237c     0x1a2c ./code/app_init.o
 .debug_info    0x00003da8      0xe1a ./app.o

.debug_abbrev   0x00000000      0xb72
 .debug_abbrev  0x00000000      0x298 ./code/CSL.o
 .debug_abbrev  0x00000298      0x2ff ./code/Timer.o
 .debug_abbrev  0x00000597      0x335 ./code/app_init.o
 .debug_abbrev  0x000008cc      0x2a6 ./app.o

.debug_aranges  0x00000000      0x1e8
 .debug_aranges
                0x00000000       0x80 ./code/CSL.o
 .debug_aranges
                0x00000080       0x98 ./code/Timer.o
 .debug_aranges
                0x00000118       0x58 ./code/app_init.o
 .debug_aranges
                0x00000170       0x78 ./app.o

.debug_ranges   0x00000000      0x1a8
 .debug_ranges  0x00000000       0x70 ./code/CSL.o
 .debug_ranges  0x00000070       0x88 ./code/Timer.o
 .debug_ranges  0x000000f8       0x48 ./code/app_init.o
 .debug_ranges  0x00000140       0x68 ./app.o

.debug_macro    0x00000000    0x155e9
 .debug_macro   0x00000000      0x313 ./code/CSL.o
 .debug_macro   0x00000313      0x8a4 ./code/CSL.o
 .debug_macro   0x00000bb7       0x22 ./code/CSL.o
 .debug_macro   0x00000bd9       0x22 ./code/CSL.o
 .debug_macro   0x00000bfb       0x3a ./code/CSL.o
 .debug_macro   0x00000c35       0x22 ./code/CSL.o
 .debug_macro   0x00000c57       0x87 ./code/CSL.o
 .debug_macro   0x00000cde       0x51 ./code/CSL.o
 .debug_macro   0x00000d2f       0xef ./code/CSL.o
 .debug_macro   0x00000e1e       0x6a ./code/CSL.o
 .debug_macro   0x00000e88      0x1df ./code/CSL.o
 .debug_macro   0x00001067       0x18 ./code/CSL.o
 .debug_macro   0x0000107f      0xa7d ./code/CSL.o
 .debug_macro   0x00001afc       0x2e ./code/CSL.o
 .debug_macro   0x00001b2a       0x10 ./code/CSL.o
 .debug_macro   0x00001b3a       0x58 ./code/CSL.o
 .debug_macro   0x00001b92       0x35 ./code/CSL.o
 .debug_macro   0x00001bc7       0x9c ./code/CSL.o
 .debug_macro   0x00001c63      0x174 ./code/CSL.o
 .debug_macro   0x00001dd7       0x58 ./code/CSL.o
 .debug_macro   0x00001e2f       0x1f ./code/CSL.o
 .debug_macro   0x00001e4e       0x43 ./code/CSL.o
 .debug_macro   0x00001e91       0x20 ./code/CSL.o
 .debug_macro   0x00001eb1      0x187 ./code/CSL.o
 .debug_macro   0x00002038      0x23b ./code/CSL.o
 .debug_macro   0x00002273       0x64 ./code/CSL.o
 .debug_macro   0x000022d7    0x11d19 ./code/CSL.o
 .debug_macro   0x00013ff0      0x411 ./code/CSL.o
 .debug_macro   0x00014401      0x184 ./code/CSL.o
 .debug_macro   0x00014585       0x8e ./code/CSL.o
 .debug_macro   0x00014613       0x16 ./code/CSL.o
 .debug_macro   0x00014629       0x1c ./code/CSL.o
 .debug_macro   0x00014645       0x1c ./code/CSL.o
 .debug_macro   0x00014661       0x1c ./code/CSL.o
 .debug_macro   0x0001467d       0x10 ./code/CSL.o
 .debug_macro   0x0001468d       0x10 ./code/CSL.o
 .debug_macro   0x0001469d      0x330 ./code/CSL.o
 .debug_macro   0x000149cd       0x10 ./code/CSL.o
 .debug_macro   0x000149dd       0x35 ./code/CSL.o
 .debug_macro   0x00014a12       0x7c ./code/CSL.o
 .debug_macro   0x00014a8e       0x40 ./code/CSL.o
 .debug_macro   0x00014ace       0x22 ./code/CSL.o
 .debug_macro   0x00014af0       0x16 ./code/CSL.o
 .debug_macro   0x00014b06       0x7c ./code/CSL.o
 .debug_macro   0x00014b82       0x10 ./code/CSL.o
 .debug_macro   0x00014b92       0x2e ./code/CSL.o
 .debug_macro   0x00014bc0       0x10 ./code/CSL.o
 .debug_macro   0x00014bd0       0x16 ./code/CSL.o
 .debug_macro   0x00014be6       0x16 ./code/CSL.o
 .debug_macro   0x00014bfc       0x29 ./code/CSL.o
 .debug_macro   0x00014c25       0x10 ./code/CSL.o
 .debug_macro   0x00014c35      0x335 ./code/Timer.o
 .debug_macro   0x00014f6a       0x40 ./code/Timer.o
 .debug_macro   0x00014faa       0x70 ./code/Timer.o
 .debug_macro   0x0001501a      0x2e4 ./code/app_init.o
 .debug_macro   0x000152fe       0x10 ./code/app_init.o
 .debug_macro   0x0001530e      0x2db ./app.o

.debug_line     0x00000000     0x1df1
 .debug_line    0x00000000      0x7f5 ./code/CSL.o
 .debug_line    0x000007f5      0x7e9 ./code/Timer.o
 .debug_line    0x00000fde      0x6fe ./code/app_init.o
 .debug_line    0x000016dc      0x715 ./app.o

.debug_str      0x00000000    0xaed33
 .debug_str     0x00000000    0xad89c ./code/CSL.o
                              0xae242 (size before relaxing)
 .debug_str     0x000ad89c      0xb85 ./code/Timer.o
                              0xaecd3 (size before relaxing)
 .debug_str     0x000ae421      0x7f8 ./code/app_init.o
                              0xaeda9 (size before relaxing)
 .debug_str     0x000aec19      0x11a ./app.o
                              0xae2ad (size before relaxing)

.comment        0x00000000       0x7f
 .comment       0x00000000       0x7f ./code/CSL.o
                                 0x80 (size before relaxing)
 .comment       0x0000007f       0x80 ./code/Timer.o
 .comment       0x0000007f       0x80 ./code/app_init.o
 .comment       0x0000007f       0x80 ./app.o
 .comment       0x0000007f       0x80 C:\Program Files (x86)\ON Semiconductor\RSL10 SDK\eclipse\..\lib\release\libcmsis.a(start.o)
 .comment       0x0000007f       0x80 C:\Program Files (x86)\ON Semiconductor\RSL10 SDK\eclipse\..\lib\release\libcmsis.a(system_rsl10.o)
 .comment       0x0000007f       0x80 C:\Program Files (x86)\ON Semiconductor\RSL10 SDK\eclipse\..\lib\release\libcmsis.a(sbrk.o)
 .comment       0x0000007f       0x80 C:\Program Files (x86)\ON Semiconductor\RSL10 SDK\eclipse\..\lib\release\libsyslib.a(rsl10_sys_dma.o)
 .comment       0x0000007f       0x80 C:\Program Files (x86)\ON Semiconductor\RSL10 SDK\eclipse\..\lib\release\libsyslib.a(rsl10_sys_timers.o)
 .comment       0x0000007f       0x80 C:\Program Files (x86)\ON Semiconductor\RSL10 SDK\eclipse\..\lib\release\libsyslib.a(rsl10_sys_uart.o)

.ARM.attributes
                0x00000000       0x31
 .ARM.attributes
                0x00000000       0x33 ./code/CSL.o
 .ARM.attributes
                0x00000033       0x33 ./code/Timer.o
 .ARM.attributes
                0x00000066       0x33 ./code/app_init.o
 .ARM.attributes
                0x00000099       0x33 ./app.o
 .ARM.attributes
                0x000000cc       0x21 C:\Program Files (x86)\ON Semiconductor\RSL10 SDK\eclipse\..\lib\release\libcmsis.a(startup_rsl10.o)
 .ARM.attributes
                0x000000ed       0x33 C:\Program Files (x86)\ON Semiconductor\RSL10 SDK\eclipse\..\lib\release\libcmsis.a(start.o)
 .ARM.attributes
                0x00000120       0x33 C:\Program Files (x86)\ON Semiconductor\RSL10 SDK\eclipse\..\lib\release\libcmsis.a(system_rsl10.o)
 .ARM.attributes
                0x00000153       0x33 C:\Program Files (x86)\ON Semiconductor\RSL10 SDK\eclipse\..\lib\release\libcmsis.a(sbrk.o)
 .ARM.attributes
                0x00000186       0x33 C:\Program Files (x86)\ON Semiconductor\RSL10 SDK\eclipse\..\lib\release\libsyslib.a(rsl10_sys_dma.o)
 .ARM.attributes
                0x000001b9       0x33 C:\Program Files (x86)\ON Semiconductor\RSL10 SDK\eclipse\..\lib\release\libsyslib.a(rsl10_sys_timers.o)
 .ARM.attributes
                0x000001ec       0x33 C:\Program Files (x86)\ON Semiconductor\RSL10 SDK\eclipse\..\lib\release\libsyslib.a(rsl10_sys_uart.o)
 .ARM.attributes
                0x0000021f       0x1d c:/program files (x86)/on semiconductor/rsl10 sdk/arm_tools/bin/../lib/gcc/arm-none-eabi/6.3.1/thumb/v7-m\libgcc.a(_arm_addsubdf3.o)
 .ARM.attributes
                0x0000023c       0x1d c:/program files (x86)/on semiconductor/rsl10 sdk/arm_tools/bin/../lib/gcc/arm-none-eabi/6.3.1/thumb/v7-m\libgcc.a(_arm_muldivdf3.o)
 .ARM.attributes
                0x00000259       0x1d c:/program files (x86)/on semiconductor/rsl10 sdk/arm_tools/bin/../lib/gcc/arm-none-eabi/6.3.1/thumb/v7-m\libgcc.a(_arm_fixunsdfsi.o)
 .ARM.attributes
                0x00000276       0x2d c:/program files (x86)/on semiconductor/rsl10 sdk/arm_tools/bin/../lib/gcc/arm-none-eabi/6.3.1/../../../../arm-none-eabi/lib/thumb/v7-m\libg_nano.a(lib_a-errno.o)
 .ARM.attributes
                0x000002a3       0x2d c:/program files (x86)/on semiconductor/rsl10 sdk/arm_tools/bin/../lib/gcc/arm-none-eabi/6.3.1/../../../../arm-none-eabi/lib/thumb/v7-m\libg_nano.a(lib_a-impure.o)
 .ARM.attributes
                0x000002d0       0x2d c:/program files (x86)/on semiconductor/rsl10 sdk/arm_tools/bin/../lib/gcc/arm-none-eabi/6.3.1/../../../../arm-none-eabi/lib/thumb/v7-m\libg_nano.a(lib_a-malloc.o)
 .ARM.attributes
                0x000002fd       0x2d c:/program files (x86)/on semiconductor/rsl10 sdk/arm_tools/bin/../lib/gcc/arm-none-eabi/6.3.1/../../../../arm-none-eabi/lib/thumb/v7-m\libg_nano.a(lib_a-memcpy-stub.o)
 .ARM.attributes
                0x0000032a       0x2d c:/program files (x86)/on semiconductor/rsl10 sdk/arm_tools/bin/../lib/gcc/arm-none-eabi/6.3.1/../../../../arm-none-eabi/lib/thumb/v7-m\libg_nano.a(lib_a-nano-mallocr.o)
 .ARM.attributes
                0x00000357       0x2d c:/program files (x86)/on semiconductor/rsl10 sdk/arm_tools/bin/../lib/gcc/arm-none-eabi/6.3.1/../../../../arm-none-eabi/lib/thumb/v7-m\libg_nano.a(lib_a-sbrkr.o)
 .ARM.attributes
                0x00000384       0x2d c:/program files (x86)/on semiconductor/rsl10 sdk/arm_tools/bin/../lib/gcc/arm-none-eabi/6.3.1/../../../../arm-none-eabi/lib/thumb/v7-m\libg_nano.a(lib_a-mlock.o)
 .ARM.attributes
                0x000003b1       0x2d c:/program files (x86)/on semiconductor/rsl10 sdk/arm_tools/bin/../lib/gcc/arm-none-eabi/6.3.1/../../../../arm-none-eabi/lib/thumb/v7-m\libg_nano.a(lib_a-reent.o)

.stack          0x00000000      0x400
 .stack         0x00000000      0x400 C:\Program Files (x86)\ON Semiconductor\RSL10 SDK\eclipse\..\lib\release\libcmsis.a(startup_rsl10.o)
                0x00000000                __stack_mem

.heap           0x00000000        0x0
 .heap          0x00000000        0x0 C:\Program Files (x86)\ON Semiconductor\RSL10 SDK\eclipse\..\lib\release\libcmsis.a(startup_rsl10.o)

.debug_frame    0x00000000      0x9bc
 .debug_frame   0x00000000      0x1f8 ./code/CSL.o
 .debug_frame   0x000001f8      0x280 ./code/Timer.o
 .debug_frame   0x00000478      0x134 ./code/app_init.o
 .debug_frame   0x000005ac      0x194 ./app.o
 .debug_frame   0x00000740       0xac c:/program files (x86)/on semiconductor/rsl10 sdk/arm_tools/bin/../lib/gcc/arm-none-eabi/6.3.1/thumb/v7-m\libgcc.a(_arm_addsubdf3.o)
 .debug_frame   0x000007ec       0x50 c:/program files (x86)/on semiconductor/rsl10 sdk/arm_tools/bin/../lib/gcc/arm-none-eabi/6.3.1/thumb/v7-m\libgcc.a(_arm_muldivdf3.o)
 .debug_frame   0x0000083c       0x24 c:/program files (x86)/on semiconductor/rsl10 sdk/arm_tools/bin/../lib/gcc/arm-none-eabi/6.3.1/thumb/v7-m\libgcc.a(_arm_fixunsdfsi.o)
 .debug_frame   0x00000860       0x20 c:/program files (x86)/on semiconductor/rsl10 sdk/arm_tools/bin/../lib/gcc/arm-none-eabi/6.3.1/../../../../arm-none-eabi/lib/thumb/v7-m\libg_nano.a(lib_a-errno.o)
 .debug_frame   0x00000880       0x30 c:/program files (x86)/on semiconductor/rsl10 sdk/arm_tools/bin/../lib/gcc/arm-none-eabi/6.3.1/../../../../arm-none-eabi/lib/thumb/v7-m\libg_nano.a(lib_a-malloc.o)
 .debug_frame   0x000008b0       0x28 c:/program files (x86)/on semiconductor/rsl10 sdk/arm_tools/bin/../lib/gcc/arm-none-eabi/6.3.1/../../../../arm-none-eabi/lib/thumb/v7-m\libg_nano.a(lib_a-memcpy-stub.o)
 .debug_frame   0x000008d8       0x2c c:/program files (x86)/on semiconductor/rsl10 sdk/arm_tools/bin/../lib/gcc/arm-none-eabi/6.3.1/../../../../arm-none-eabi/lib/thumb/v7-m\libg_nano.a(lib_a-nano-mallocr.o)
 .debug_frame   0x00000904       0x2c c:/program files (x86)/on semiconductor/rsl10 sdk/arm_tools/bin/../lib/gcc/arm-none-eabi/6.3.1/../../../../arm-none-eabi/lib/thumb/v7-m\libg_nano.a(lib_a-sbrkr.o)
 .debug_frame   0x00000930       0x30 c:/program files (x86)/on semiconductor/rsl10 sdk/arm_tools/bin/../lib/gcc/arm-none-eabi/6.3.1/../../../../arm-none-eabi/lib/thumb/v7-m\libg_nano.a(lib_a-mlock.o)
 .debug_frame   0x00000960       0x5c c:/program files (x86)/on semiconductor/rsl10 sdk/arm_tools/bin/../lib/gcc/arm-none-eabi/6.3.1/../../../../arm-none-eabi/lib/thumb/v7-m\libg_nano.a(lib_a-reent.o)
